// Jest Snapshot v1, https://goo.gl/fbAQLP

exports[`Footer renders footer unchanged 1`] = `<footer />`;
