// Jest Snapshot v1, https://goo.gl/fbAQLP

exports[`Header renders header unchanged 1`] = `"<header class=\\"MuiPaper-root MuiAppBar-root MuiAppBar-positionStatic MuiAppBar-colorPrimary MuiPaper-elevation4\\"><div class=\\"MuiToolbar-root MuiToolbar-regular MuiToolbar-gutters\\"><button class=\\"MuiButtonBase-root MuiIconButton-root makeStyles-menuButton-1 MuiIconButton-colorInherit MuiIconButton-edgeStart\\" tabindex=\\"0\\" type=\\"button\\" aria-label=\\"menu\\" data-cy=\\"auth-menu-button\\" aria-haspopup=\\"true\\"><span class=\\"MuiIconButton-label\\"><svg class=\\"MuiSvgIcon-root\\" focusable=\\"false\\" viewBox=\\"0 0 24 24\\" aria-hidden=\\"true\\"><path d=\\"M3 18h18v-2H3v2zm0-5h18v-2H3v2zm0-7v2h18V6H3z\\"></path></svg></span><span class=\\"MuiTouchRipple-root\\"></span></button><div class=\\"MuiGrid-root MuiGrid-container MuiGrid-align-items-xs-center MuiGrid-justify-xs-space-between\\"><div class=\\"MuiGrid-root MuiGrid-item MuiGrid-grid-xs-6 MuiGrid-grid-md-3\\"><a class=\\"MuiTypography-root MuiLink-root MuiLink-underlineHover MuiTypography-colorPrimary\\" href=\\"/\\"><h6 class=\\"MuiTypography-root makeStyles-title-2 MuiTypography-h6 MuiTypography-colorTextPrimary\\">Lightmatter</h6></a></div><div class=\\"MuiGrid-root MuiGrid-item MuiGrid-grid-xs-6 MuiGrid-grid-md-9\\" align=\\"right\\"></div></div></div></header>"`;
