// Jest Snapshot v1, https://goo.gl/fbAQLP

exports[`Edit profile page renders login unchanged 1`] = `[Function]`;
