// Jest Snapshot v1, https://goo.gl/fbAQLP

exports[`Login page renders login unchanged 1`] = `[Function]`;
